2026-08-11 14:41:52,376 ERROR: Unhandled Server Error: update_drive_status() missing 1 required positional argument: 'new_status' [in /mnt/Demon/academics/IITM/MAD-2_project/Placement-Portal-Application/server/exceptions/error_handlers.py:50]
Traceback (most recent call last):
  File "/mnt/Demon/academics/IITM/MAD-2_project/Placement-Portal-Application/venv/lib/python3.14/site-packages/flask/app.py", line 917, in full_dispatch_request
    rv = self.dispatch_request()
  File "/mnt/Demon/academics/IITM/MAD-2_project/Placement-Portal-Application/venv/lib/python3.14/site-packages/flask/app.py", line 902, in dispatch_request
    return self.ensure_sync(self.view_functions[rule.endpoint])(**view_args)  # type: ignore[no-any-return]
           ~~~~~~~~~~~~~~~~~~~~~~~~~~~~~~~~~~~~~~~~~~~~~~~~~~~~^^^^^^^^^^^^^
  File "/mnt/Demon/academics/IITM/MAD-2_project/Placement-Portal-Application/venv/lib/python3.14/site-packages/flask_jwt_extended/view_decorators.py", line 170, in decorator
    return current_app.ensure_sync(fn)(*args, **kwargs)
           ~~~~~~~~~~~~~~~~~~~~~~~~~~~^^^^^^^^^^^^^^^^^
  File "/mnt/Demon/academics/IITM/MAD-2_project/Placement-Portal-Application/server/controllers/admin_controller.py", line 82, in update_drive_status_api
    response = update_drive_status(id, new_status)
TypeError: update_drive_status() missing 1 required positional argument: 'new_status'
2026-08-11 14:44:48,444 ERROR: Unhandled Server Error: 404 Not Found: The requested URL was not found on the server. If you entered the URL manually please check your spelling and try again. [in /mnt/Demon/academics/IITM/MAD-2_project/Placement-Portal-Application/server/exceptions/error_handlers.py:50]
Traceback (most recent call last):
  File "/mnt/Demon/academics/IITM/MAD-2_project/Placement-Portal-Application/venv/lib/python3.14/site-packages/flask/app.py", line 917, in full_dispatch_request
    rv = self.dispatch_request()
  File "/mnt/Demon/academics/IITM/MAD-2_project/Placement-Portal-Application/venv/lib/python3.14/site-packages/flask/app.py", line 891, in dispatch_request
    self.raise_routing_exception(req)
    ~~~~~~~~~~~~~~~~~~~~~~~~~~~~^^^^^
  File "/mnt/Demon/academics/IITM/MAD-2_project/Placement-Portal-Application/venv/lib/python3.14/site-packages/flask/app.py", line 500, in raise_routing_exception
    raise request.routing_exception  # type: ignore[misc]
    ^^^^^^^^^^^^^^^^^^^^^^^^^^^^^^^
  File "/mnt/Demon/academics/IITM/MAD-2_project/Placement-Portal-Application/venv/lib/python3.14/site-packages/flask/ctx.py", line 362, in match_request
    result = self.url_adapter.match(return_rule=True)  # type: ignore
  File "/mnt/Demon/academics/IITM/MAD-2_project/Placement-Portal-Application/venv/lib/python3.14/site-packages/werkzeug/routing/map.py", line 629, in match
    raise NotFound() from None
werkzeug.exceptions.NotFound: 404 Not Found: The requested URL was not found on the server. If you entered the URL manually please check your spelling and try again.
2026-08-11 15:14:48,576 ERROR: Unhandled Server Error: 404 Not Found: The requested URL was not found on the server. If you entered the URL manually please check your spelling and try again. [in /mnt/Demon/academics/IITM/MAD-2_project/Placement-Portal-Application/server/exceptions/error_handlers.py:50]
Traceback (most recent call last):
  File "/mnt/Demon/academics/IITM/MAD-2_project/Placement-Portal-Application/venv/lib/python3.14/site-packages/flask/app.py", line 917, in full_dispatch_request
    rv = self.dispatch_request()
  File "/mnt/Demon/academics/IITM/MAD-2_project/Placement-Portal-Application/venv/lib/python3.14/site-packages/flask/app.py", line 891, in dispatch_request
    self.raise_routing_exception(req)
    ~~~~~~~~~~~~~~~~~~~~~~~~~~~~^^^^^
  File "/mnt/Demon/academics/IITM/MAD-2_project/Placement-Portal-Application/venv/lib/python3.14/site-packages/flask/app.py", line 500, in raise_routing_exception
    raise request.routing_exception  # type: ignore[misc]
    ^^^^^^^^^^^^^^^^^^^^^^^^^^^^^^^
  File "/mnt/Demon/academics/IITM/MAD-2_project/Placement-Portal-Application/venv/lib/python3.14/site-packages/flask/ctx.py", line 362, in match_request
    result = self.url_adapter.match(return_rule=True)  # type: ignore
  File "/mnt/Demon/academics/IITM/MAD-2_project/Placement-Portal-Application/venv/lib/python3.14/site-packages/werkzeug/routing/map.py", line 629, in match
    raise NotFound() from None
werkzeug.exceptions.NotFound: 404 Not Found: The requested URL was not found on the server. If you entered the URL manually please check your spelling and try again.
2026-08-11 16:06:06,501 ERROR: Unhandled Server Error: 404 Not Found: The requested URL was not found on the server. If you entered the URL manually please check your spelling and try again. [in /mnt/Demon/academics/IITM/MAD-2_project/Placement-Portal-Application/server/exceptions/error_handlers.py:50]
Traceback (most recent call last):
  File "/mnt/Demon/academics/IITM/MAD-2_project/Placement-Portal-Application/venv/lib/python3.14/site-packages/flask/app.py", line 917, in full_dispatch_request
    rv = self.dispatch_request()
  File "/mnt/Demon/academics/IITM/MAD-2_project/Placement-Portal-Application/venv/lib/python3.14/site-packages/flask/app.py", line 891, in dispatch_request
    self.raise_routing_exception(req)
    ~~~~~~~~~~~~~~~~~~~~~~~~~~~~^^^^^
  File "/mnt/Demon/academics/IITM/MAD-2_project/Placement-Portal-Application/venv/lib/python3.14/site-packages/flask/app.py", line 500, in raise_routing_exception
    raise request.routing_exception  # type: ignore[misc]
    ^^^^^^^^^^^^^^^^^^^^^^^^^^^^^^^
  File "/mnt/Demon/academics/IITM/MAD-2_project/Placement-Portal-Application/venv/lib/python3.14/site-packages/flask/ctx.py", line 362, in match_request
    result = self.url_adapter.match(return_rule=True)  # type: ignore
  File "/mnt/Demon/academics/IITM/MAD-2_project/Placement-Portal-Application/venv/lib/python3.14/site-packages/werkzeug/routing/map.py", line 629, in match
    raise NotFound() from None
werkzeug.exceptions.NotFound: 404 Not Found: The requested URL was not found on the server. If you entered the URL manually please check your spelling and try again.
2026-08-11 16:37:17,857 ERROR: Unhandled Server Error: 404 Not Found: The requested URL was not found on the server. If you entered the URL manually please check your spelling and try again. [in /mnt/Demon/academics/IITM/MAD-2_project/Placement-Portal-Application/server/exceptions/error_handlers.py:50]
Traceback (most recent call last):
  File "/mnt/Demon/academics/IITM/MAD-2_project/Placement-Portal-Application/venv/lib/python3.14/site-packages/flask/app.py", line 917, in full_dispatch_request
    rv = self.dispatch_request()
  File "/mnt/Demon/academics/IITM/MAD-2_project/Placement-Portal-Application/venv/lib/python3.14/site-packages/flask/app.py", line 891, in dispatch_request
    self.raise_routing_exception(req)
    ~~~~~~~~~~~~~~~~~~~~~~~~~~~~^^^^^
  File "/mnt/Demon/academics/IITM/MAD-2_project/Placement-Portal-Application/venv/lib/python3.14/site-packages/flask/app.py", line 500, in raise_routing_exception
    raise request.routing_exception  # type: ignore[misc]
    ^^^^^^^^^^^^^^^^^^^^^^^^^^^^^^^
  File "/mnt/Demon/academics/IITM/MAD-2_project/Placement-Portal-Application/venv/lib/python3.14/site-packages/flask/ctx.py", line 362, in match_request
    result = self.url_adapter.match(return_rule=True)  # type: ignore
  File "/mnt/Demon/academics/IITM/MAD-2_project/Placement-Portal-Application/venv/lib/python3.14/site-packages/werkzeug/routing/map.py", line 629, in match
    raise NotFound() from None
werkzeug.exceptions.NotFound: 404 Not Found: The requested URL was not found on the server. If you entered the URL manually please check your spelling and try again.
